> Task :app:preBuild UP-TO-DATE
> Task :app:preDebugBuild UP-TO-DATE
> Task :app:mergeDebugNativeDebugMetadata NO-SOURCE
> Task :app:generateDebugResources UP-TO-DATE
> Task :app:processDebugGoogleServices UP-TO-DATE
> Task :app:packageDebugResources UP-TO-DATE
> Task :app:processDebugNavigationResources UP-TO-DATE
> Task :app:parseDebugLocalResources UP-TO-DATE
> Task :app:generateDebugRFile UP-TO-DATE
> Task :app:kspDebugKotlin UP-TO-DATE
> Task :app:javaPreCompileDebug UP-TO-DATE
> Task :app:generateDebugAssets UP-TO-DATE
> Task :app:mergeDebugAssets UP-TO-DATE
> Task :app:compressDebugAssets UP-TO-DATE
> Task :app:checkDebugDuplicateClasses UP-TO-DATE
> Task :app:desugarDebugFileDependencies UP-TO-DATE
> Task :app:mergeExtDexDebug UP-TO-DATE
> Task :app:mergeLibDexDebug UP-TO-DATE
> Task :app:checkDebugAarMetadata UP-TO-DATE
> Task :app:compileDebugNavigationResources UP-TO-DATE
> Task :app:mapDebugSourceSetPaths UP-TO-DATE
> Task :app:mergeDebugResources UP-TO-DATE
> Task :app:createDebugCompatibleScreenManifests UP-TO-DATE
> Task :app:extractDeepLinksDebug UP-TO-DATE
> Task :app:processDebugMainManifest UP-TO-DATE
> Task :app:processDebugManifest UP-TO-DATE
> Task :app:processDebugManifestForPackage UP-TO-DATE
> Task :app:processDebugResources UP-TO-DATE
> Task :app:mergeDebugJniLibFolders UP-TO-DATE
> Task :app:mergeDebugNativeLibs UP-TO-DATE
> Task :app:stripDebugDebugSymbols UP-TO-DATE
> Task :app:validateSigningDebug UP-TO-DATE
> Task :app:writeDebugAppMetadata UP-TO-DATE
> Task :app:writeDebugSigningConfigVersions UP-TO-DATE

> Task :app:compileDebugKotlin FAILED
.\gradlew.bat : e: file:///C:/Users/gabrielQ/AndroidStudioProjects/appcomplect/app/src/
main/java/com/gabrieldev/appcomplect/ui/RegistroViewModel.kt:98:47 Unresolved 
reference 'loginUsuario'.
At line:1 char:1
+ .\gradlew.bat assembleDebug > build_output.txt 2>&1
+ ~~~~~~~~~~~~~~~~~~~~~~~~~~~~~~~~~~~~~~~~~~~~~~~~~~~
    + CategoryInfo          : NotSpecified: (e: file:///C:/U...'loginUsuario'.:String) 
    [], RemoteException
    + FullyQualifiedErrorId : NativeCommandError
 
e: file:///C:/Users/gabrielQ/AndroidStudioProjects/appcomplect/app/src/main/java/com/ga
brieldev/appcomplect/ui/RegistroViewModel.kt:127:21 No parameter with name 'alias' 
found.
e: file:///C:/Users/gabrielQ/AndroidStudioProjects/appcomplect/app/src/main/java/com/ga
brieldev/appcomplect/ui/RegistroViewModel.kt:128:21 No parameter with name 
'idRolSeleccionado' found.
e: file:///C:/Users/gabrielQ/AndroidStudioProjects/appcomplect/app/src/main/java/com/ga
brieldev/appcomplect/ui/RegistroViewModel.kt:129:21 No parameter with name 
'numeroCelular' found.
e: file:///C:/Users/gabrielQ/AndroidStudioProjects/appcomplect/app/src/main/java/com/ga
brieldev/appcomplect/ui/RegistroViewModel.kt:130:21 No parameter with name 'curso' 
found.
e: file:///C:/Users/gabrielQ/AndroidStudioProjects/appcomplect/app/src/main/java/com/ga
brieldev/appcomplect/ui/RegistroViewModel.kt:131:21 No parameter with name 'paralelo' 
found.
e: file:///C:/Users/gabrielQ/AndroidStudioProjects/appcomplect/app/src/main/java/com/ga
brieldev/appcomplect/ui/RegistroViewModel.kt:132:21 No parameter with name 
'nombreColegio' found.
e: file:///C:/Users/gabrielQ/AndroidStudioProjects/appcomplect/app/src/main/java/com/ga
brieldev/appcomplect/ui/RegistroViewModel.kt:133:21 No parameter with name 'nombre' 
found.
e: file:///C:/Users/gabrielQ/AndroidStudioProjects/appcomplect/app/src/main/java/com/ga
brieldev/appcomplect/ui/RegistroViewModel.kt:134:21 No parameter with name 
'apellidoPaterno' found.
e: file:///C:/Users/gabrielQ/AndroidStudioProjects/appcomplect/app/src/main/java/com/ga
brieldev/appcomplect/ui/RegistroViewModel.kt:135:21 No parameter with name 
'apellidoMaterno' found.
e: file:///C:/Users/gabrielQ/AndroidStudioProjects/appcomplect/app/src/main/java/com/ga
brieldev/appcomplect/ui/RegistroViewModel.kt:136:21 No parameter with name 'avatar' 
found.
e: file:///C:/Users/gabrielQ/AndroidStudioProjects/appcomplect/app/src/main/java/com/ga
brieldev/appcomplect/ui/RegistroViewModel.kt:136:21 No value passed for parameter 
'usuario'.
e: file:///C:/Users/gabrielQ/AndroidStudioProjects/appcomplect/app/src/main/java/com/ga
brieldev/appcomplect/ui/RegistroViewModel.kt:140:21 Condition type mismatch: inferred 
type is 'Unit' but 'Boolean' was expected.

FAILURE: Build failed with an exception.

* What went wrong:
Execution failed for task ':app:compileDebugKotlin'.
> A failure occurred while executing org.jetbrains.kotlin.compilerRunner.GradleCompiler
RunnerWithWorkers$GradleKotlinCompilerWorkAction
   > Compilation error. See log for more details

* Try:
> Run with --stacktrace option to get the stack trace.
> Run with --info or --debug option to get more log output.
> Run with --scan to get full insights from a Build Scan (powered by Develocity).
> Get more help at https://help.gradle.org.

BUILD FAILED in 1s
31 actionable tasks: 1 executed, 30 up-to-date
